2025-11-13 09:59:52,244 [ERROR] LogOutputStream:75 - [STDERR_REDIRECT] Nov 13, 2025 9:59:52 AM java.util.prefs.FileSystemPreferences checkLockFile0ErrorCode
2025-11-13 09:59:52,277 [ERROR] LogOutputStream:75 - [STDERR_REDIRECT] WARNING: Could not lock System prefs. Unix error code 2.
2025-11-13 09:59:52,277 [ERROR] LogOutputStream:75 - [STDERR_REDIRECT] 
2025-11-13 09:59:52,278 [ERROR] LogOutputStream:75 - [STDERR_REDIRECT] Nov 13, 2025 9:59:52 AM java.util.prefs.FileSystemPreferences syncWorld
2025-11-13 09:59:52,278 [ERROR] LogOutputStream:75 - [STDERR_REDIRECT] WARNING: Couldn't flush system prefs: java.util.prefs.BackingStoreException: Couldn't get file lock.
2025-11-13 09:59:52,278 [ERROR] LogOutputStream:75 - [STDERR_REDIRECT] 
2025-11-13 09:59:53,831 [ERROR] LogOutputStream:75 - [STDERR_REDIRECT] Nov 13, 2025 9:59:53 AM java.util.prefs.FileSystemPreferences checkLockFile0ErrorCode
2025-11-13 09:59:53,831 [ERROR] LogOutputStream:75 - [STDERR_REDIRECT] WARNING: Could not lock System prefs. Unix error code 2.
2025-11-13 09:59:53,831 [ERROR] LogOutputStream:75 - [STDERR_REDIRECT] 
2025-11-13 09:59:53,831 [ERROR] LogOutputStream:75 - [STDERR_REDIRECT] Nov 13, 2025 9:59:53 AM java.util.prefs.FileSystemPreferences syncWorld
2025-11-13 09:59:53,831 [ERROR] LogOutputStream:75 - [STDERR_REDIRECT] WARNING: Couldn't flush system prefs: java.util.prefs.BackingStoreException: Couldn't get file lock.
2025-11-13 09:59:53,831 [ERROR] LogOutputStream:75 - [STDERR_REDIRECT] 
2025-11-13 10:00:23,838 [ERROR] LogOutputStream:75 - [STDERR_REDIRECT] Nov 13, 2025 10:00:23 AM java.util.prefs.FileSystemPreferences checkLockFile0ErrorCode
2025-11-13 10:00:23,839 [ERROR] LogOutputStream:75 - [STDERR_REDIRECT] WARNING: Could not lock System prefs. Unix error code 2.
2025-11-13 10:00:23,839 [ERROR] LogOutputStream:75 - [STDERR_REDIRECT] 
2025-11-13 10:00:23,839 [ERROR] LogOutputStream:75 - [STDERR_REDIRECT] Nov 13, 2025 10:00:23 AM java.util.prefs.FileSystemPreferences syncWorld
2025-11-13 10:00:23,839 [ERROR] LogOutputStream:75 - [STDERR_REDIRECT] WARNING: Couldn't flush system prefs: java.util.prefs.BackingStoreException: Couldn't get file lock.
2025-11-13 10:00:23,839 [ERROR] LogOutputStream:75 - [STDERR_REDIRECT] 
2025-11-13 10:00:53,831 [ERROR] LogOutputStream:75 - [STDERR_REDIRECT] Nov 13, 2025 10:00:53 AM java.util.prefs.FileSystemPreferences checkLockFile0ErrorCode
2025-11-13 10:00:53,831 [ERROR] LogOutputStream:75 - [STDERR_REDIRECT] WARNING: Could not lock System prefs. Unix error code 2.
2025-11-13 10:00:53,831 [ERROR] LogOutputStream:75 - [STDERR_REDIRECT] 
2025-11-13 10:00:53,832 [ERROR] LogOutputStream:75 - [STDERR_REDIRECT] Nov 13, 2025 10:00:53 AM java.util.prefs.FileSystemPreferences syncWorld
2025-11-13 10:00:53,832 [ERROR] LogOutputStream:75 - [STDERR_REDIRECT] WARNING: Couldn't flush system prefs: java.util.prefs.BackingStoreException: Couldn't get file lock.
2025-11-13 10:00:53,832 [ERROR] LogOutputStream:75 - [STDERR_REDIRECT] 
2025-11-13 10:01:23,830 [ERROR] LogOutputStream:75 - [STDERR_REDIRECT] Nov 13, 2025 10:01:23 AM java.util.prefs.FileSystemPreferences checkLockFile0ErrorCode
2025-11-13 10:01:23,831 [ERROR] LogOutputStream:75 - [STDERR_REDIRECT] WARNING: Could not lock System prefs. Unix error code 2.
2025-11-13 10:01:23,831 [ERROR] LogOutputStream:75 - [STDERR_REDIRECT] 
2025-11-13 10:01:23,831 [ERROR] LogOutputStream:75 - [STDERR_REDIRECT] Nov 13, 2025 10:01:23 AM java.util.prefs.FileSystemPreferences syncWorld
2025-11-13 10:01:23,832 [ERROR] LogOutputStream:75 - [STDERR_REDIRECT] WARNING: Couldn't flush system prefs: java.util.prefs.BackingStoreException: Couldn't get file lock.
2025-11-13 10:01:23,832 [ERROR] LogOutputStream:75 - [STDERR_REDIRECT] 
2025-11-13 10:01:53,830 [ERROR] LogOutputStream:75 - [STDERR_REDIRECT] Nov 13, 2025 10:01:53 AM java.util.prefs.FileSystemPreferences checkLockFile0ErrorCode
2025-11-13 10:01:53,830 [ERROR] LogOutputStream:75 - [STDERR_REDIRECT] WARNING: Could not lock System prefs. Unix error code 2.
2025-11-13 10:01:53,830 [ERROR] LogOutputStream:75 - [STDERR_REDIRECT] 
2025-11-13 10:01:53,831 [ERROR] LogOutputStream:75 - [STDERR_REDIRECT] Nov 13, 2025 10:01:53 AM java.util.prefs.FileSystemPreferences syncWorld
2025-11-13 10:01:53,831 [ERROR] LogOutputStream:75 - [STDERR_REDIRECT] WARNING: Couldn't flush system prefs: java.util.prefs.BackingStoreException: Couldn't get file lock.
2025-11-13 10:01:53,831 [ERROR] LogOutputStream:75 - [STDERR_REDIRECT] 
2025-11-13 10:02:23,832 [ERROR] LogOutputStream:75 - [STDERR_REDIRECT] Nov 13, 2025 10:02:23 AM java.util.prefs.FileSystemPreferences checkLockFile0ErrorCode
2025-11-13 10:02:23,834 [ERROR] LogOutputStream:75 - [STDERR_REDIRECT] WARNING: Could not lock System prefs. Unix error code 2.
2025-11-13 10:02:23,834 [ERROR] LogOutputStream:75 - [STDERR_REDIRECT] 
2025-11-13 10:02:23,835 [ERROR] LogOutputStream:75 - [STDERR_REDIRECT] Nov 13, 2025 10:02:23 AM java.util.prefs.FileSystemPreferences syncWorld
2025-11-13 10:02:23,835 [ERROR] LogOutputStream:75 - [STDERR_REDIRECT] WARNING: Couldn't flush system prefs: java.util.prefs.BackingStoreException: Couldn't get file lock.
2025-11-13 10:02:23,835 [ERROR] LogOutputStream:75 - [STDERR_REDIRECT] 
2025-11-13 10:02:53,832 [ERROR] LogOutputStream:75 - [STDERR_REDIRECT] Nov 13, 2025 10:02:53 AM java.util.prefs.FileSystemPreferences checkLockFile0ErrorCode
2025-11-13 10:02:53,832 [ERROR] LogOutputStream:75 - [STDERR_REDIRECT] WARNING: Could not lock System prefs. Unix error code 2.
2025-11-13 10:02:53,832 [ERROR] LogOutputStream:75 - [STDERR_REDIRECT] 
2025-11-13 10:02:53,838 [ERROR] LogOutputStream:75 - [STDERR_REDIRECT] Nov 13, 2025 10:02:53 AM java.util.prefs.FileSystemPreferences syncWorld
2025-11-13 10:02:53,838 [ERROR] LogOutputStream:75 - [STDERR_REDIRECT] WARNING: Couldn't flush system prefs: java.util.prefs.BackingStoreException: Couldn't get file lock.
2025-11-13 10:02:53,838 [ERROR] LogOutputStream:75 - [STDERR_REDIRECT] 
2025-11-13 10:03:23,832 [ERROR] LogOutputStream:75 - [STDERR_REDIRECT] Nov 13, 2025 10:03:23 AM java.util.prefs.FileSystemPreferences checkLockFile0ErrorCode
2025-11-13 10:03:23,832 [ERROR] LogOutputStream:75 - [STDERR_REDIRECT] WARNING: Could not lock System prefs. Unix error code 2.
2025-11-13 10:03:23,832 [ERROR] LogOutputStream:75 - [STDERR_REDIRECT] 
2025-11-13 10:03:23,833 [ERROR] LogOutputStream:75 - [STDERR_REDIRECT] Nov 13, 2025 10:03:23 AM java.util.prefs.FileSystemPreferences syncWorld
2025-11-13 10:03:23,833 [ERROR] LogOutputStream:75 - [STDERR_REDIRECT] WARNING: Couldn't flush system prefs: java.util.prefs.BackingStoreException: Couldn't get file lock.
2025-11-13 10:03:23,833 [ERROR] LogOutputStream:75 - [STDERR_REDIRECT] 
2025-11-13 10:03:53,832 [ERROR] LogOutputStream:75 - [STDERR_REDIRECT] Nov 13, 2025 10:03:53 AM java.util.prefs.FileSystemPreferences checkLockFile0ErrorCode
2025-11-13 10:03:53,832 [ERROR] LogOutputStream:75 - [STDERR_REDIRECT] WARNING: Could not lock System prefs. Unix error code 2.
2025-11-13 10:03:53,832 [ERROR] LogOutputStream:75 - [STDERR_REDIRECT] 
2025-11-13 10:03:53,833 [ERROR] LogOutputStream:75 - [STDERR_REDIRECT] Nov 13, 2025 10:03:53 AM java.util.prefs.FileSystemPreferences syncWorld
2025-11-13 10:03:53,833 [ERROR] LogOutputStream:75 - [STDERR_REDIRECT] WARNING: Couldn't flush system prefs: java.util.prefs.BackingStoreException: Couldn't get file lock.
2025-11-13 10:03:53,833 [ERROR] LogOutputStream:75 - [STDERR_REDIRECT] 
2025-11-13 10:04:23,832 [ERROR] LogOutputStream:75 - [STDERR_REDIRECT] Nov 13, 2025 10:04:23 AM java.util.prefs.FileSystemPreferences checkLockFile0ErrorCode
2025-11-13 10:04:23,833 [ERROR] LogOutputStream:75 - [STDERR_REDIRECT] WARNING: Could not lock System prefs. Unix error code 2.
2025-11-13 10:04:23,833 [ERROR] LogOutputStream:75 - [STDERR_REDIRECT] 
2025-11-13 10:04:23,833 [ERROR] LogOutputStream:75 - [STDERR_REDIRECT] Nov 13, 2025 10:04:23 AM java.util.prefs.FileSystemPreferences syncWorld
2025-11-13 10:04:23,833 [ERROR] LogOutputStream:75 - [STDERR_REDIRECT] WARNING: Couldn't flush system prefs: java.util.prefs.BackingStoreException: Couldn't get file lock.
2025-11-13 10:04:23,833 [ERROR] LogOutputStream:75 - [STDERR_REDIRECT] 
2025-11-13 10:04:53,833 [ERROR] LogOutputStream:75 - [STDERR_REDIRECT] Nov 13, 2025 10:04:53 AM java.util.prefs.FileSystemPreferences checkLockFile0ErrorCode
2025-11-13 10:04:53,833 [ERROR] LogOutputStream:75 - [STDERR_REDIRECT] WARNING: Could not lock System prefs. Unix error code 2.
2025-11-13 10:04:53,834 [ERROR] LogOutputStream:75 - [STDERR_REDIRECT] 
2025-11-13 10:04:53,834 [ERROR] LogOutputStream:75 - [STDERR_REDIRECT] Nov 13, 2025 10:04:53 AM java.util.prefs.FileSystemPreferences syncWorld
2025-11-13 10:04:53,834 [ERROR] LogOutputStream:75 - [STDERR_REDIRECT] WARNING: Couldn't flush system prefs: java.util.prefs.BackingStoreException: Couldn't get file lock.
2025-11-13 10:04:53,834 [ERROR] LogOutputStream:75 - [STDERR_REDIRECT] 
2025-11-13 10:05:23,832 [ERROR] LogOutputStream:75 - [STDERR_REDIRECT] Nov 13, 2025 10:05:23 AM java.util.prefs.FileSystemPreferences checkLockFile0ErrorCode
2025-11-13 10:05:23,833 [ERROR] LogOutputStream:75 - [STDERR_REDIRECT] WARNING: Could not lock System prefs. Unix error code 2.
2025-11-13 10:05:23,833 [ERROR] LogOutputStream:75 - [STDERR_REDIRECT] 
2025-11-13 10:05:23,833 [ERROR] LogOutputStream:75 - [STDERR_REDIRECT] Nov 13, 2025 10:05:23 AM java.util.prefs.FileSystemPreferences syncWorld
2025-11-13 10:05:23,833 [ERROR] LogOutputStream:75 - [STDERR_REDIRECT] WARNING: Couldn't flush system prefs: java.util.prefs.BackingStoreException: Couldn't get file lock.
2025-11-13 10:05:23,833 [ERROR] LogOutputStream:75 - [STDERR_REDIRECT] 
2025-11-13 10:05:53,834 [ERROR] LogOutputStream:75 - [STDERR_REDIRECT] Nov 13, 2025 10:05:53 AM java.util.prefs.FileSystemPreferences checkLockFile0ErrorCode
2025-11-13 10:05:53,834 [ERROR] LogOutputStream:75 - [STDERR_REDIRECT] WARNING: Could not lock System prefs. Unix error code 2.
2025-11-13 10:05:53,834 [ERROR] LogOutputStream:75 - [STDERR_REDIRECT] 
2025-11-13 10:05:53,834 [ERROR] LogOutputStream:75 - [STDERR_REDIRECT] Nov 13, 2025 10:05:53 AM java.util.prefs.FileSystemPreferences syncWorld
2025-11-13 10:05:53,834 [ERROR] LogOutputStream:75 - [STDERR_REDIRECT] WARNING: Couldn't flush system prefs: java.util.prefs.BackingStoreException: Couldn't get file lock.
2025-11-13 10:05:53,834 [ERROR] LogOutputStream:75 - [STDERR_REDIRECT] 
2025-11-13 10:06:23,834 [ERROR] LogOutputStream:75 - [STDERR_REDIRECT] Nov 13, 2025 10:06:23 AM java.util.prefs.FileSystemPreferences checkLockFile0ErrorCode
2025-11-13 10:06:23,834 [ERROR] LogOutputStream:75 - [STDERR_REDIRECT] WARNING: Could not lock System prefs. Unix error code 2.
2025-11-13 10:06:23,834 [ERROR] LogOutputStream:75 - [STDERR_REDIRECT] 
2025-11-13 10:06:23,834 [ERROR] LogOutputStream:75 - [STDERR_REDIRECT] Nov 13, 2025 10:06:23 AM java.util.prefs.FileSystemPreferences syncWorld
2025-11-13 10:06:23,834 [ERROR] LogOutputStream:75 - [STDERR_REDIRECT] WARNING: Couldn't flush system prefs: java.util.prefs.BackingStoreException: Couldn't get file lock.
2025-11-13 10:06:23,835 [ERROR] LogOutputStream:75 - [STDERR_REDIRECT] 
2025-11-13 10:06:53,833 [ERROR] LogOutputStream:75 - [STDERR_REDIRECT] Nov 13, 2025 10:06:53 AM java.util.prefs.FileSystemPreferences checkLockFile0ErrorCode
2025-11-13 10:06:53,833 [ERROR] LogOutputStream:75 - [STDERR_REDIRECT] WARNING: Could not lock System prefs. Unix error code 2.
2025-11-13 10:06:53,833 [ERROR] LogOutputStream:75 - [STDERR_REDIRECT] 
2025-11-13 10:06:53,834 [ERROR] LogOutputStream:75 - [STDERR_REDIRECT] Nov 13, 2025 10:06:53 AM java.util.prefs.FileSystemPreferences syncWorld
2025-11-13 10:06:53,834 [ERROR] LogOutputStream:75 - [STDERR_REDIRECT] WARNING: Couldn't flush system prefs: java.util.prefs.BackingStoreException: Couldn't get file lock.
2025-11-13 10:06:53,834 [ERROR] LogOutputStream:75 - [STDERR_REDIRECT] 
2025-11-13 10:07:23,833 [ERROR] LogOutputStream:75 - [STDERR_REDIRECT] Nov 13, 2025 10:07:23 AM java.util.prefs.FileSystemPreferences checkLockFile0ErrorCode
2025-11-13 10:07:23,834 [ERROR] LogOutputStream:75 - [STDERR_REDIRECT] WARNING: Could not lock System prefs. Unix error code 2.
2025-11-13 10:07:23,834 [ERROR] LogOutputStream:75 - [STDERR_REDIRECT] 
2025-11-13 10:07:23,834 [ERROR] LogOutputStream:75 - [STDERR_REDIRECT] Nov 13, 2025 10:07:23 AM java.util.prefs.FileSystemPreferences syncWorld
2025-11-13 10:07:23,834 [ERROR] LogOutputStream:75 - [STDERR_REDIRECT] WARNING: Couldn't flush system prefs: java.util.prefs.BackingStoreException: Couldn't get file lock.
2025-11-13 10:07:23,834 [ERROR] LogOutputStream:75 - [STDERR_REDIRECT] 
2025-11-13 10:07:53,833 [ERROR] LogOutputStream:75 - [STDERR_REDIRECT] Nov 13, 2025 10:07:53 AM java.util.prefs.FileSystemPreferences checkLockFile0ErrorCode
2025-11-13 10:07:53,834 [ERROR] LogOutputStream:75 - [STDERR_REDIRECT] WARNING: Could not lock System prefs. Unix error code 2.
2025-11-13 10:07:53,834 [ERROR] LogOutputStream:75 - [STDERR_REDIRECT] 
2025-11-13 10:07:53,834 [ERROR] LogOutputStream:75 - [STDERR_REDIRECT] Nov 13, 2025 10:07:53 AM java.util.prefs.FileSystemPreferences syncWorld
2025-11-13 10:07:53,834 [ERROR] LogOutputStream:75 - [STDERR_REDIRECT] WARNING: Couldn't flush system prefs: java.util.prefs.BackingStoreException: Couldn't get file lock.
2025-11-13 10:07:53,834 [ERROR] LogOutputStream:75 - [STDERR_REDIRECT] 
2025-11-13 10:08:23,833 [ERROR] LogOutputStream:75 - [STDERR_REDIRECT] Nov 13, 2025 10:08:23 AM java.util.prefs.FileSystemPreferences checkLockFile0ErrorCode
2025-11-13 10:08:23,834 [ERROR] LogOutputStream:75 - [STDERR_REDIRECT] WARNING: Could not lock System prefs. Unix error code 2.
2025-11-13 10:08:23,834 [ERROR] LogOutputStream:75 - [STDERR_REDIRECT] 
2025-11-13 10:08:23,834 [ERROR] LogOutputStream:75 - [STDERR_REDIRECT] Nov 13, 2025 10:08:23 AM java.util.prefs.FileSystemPreferences syncWorld
2025-11-13 10:08:23,834 [ERROR] LogOutputStream:75 - [STDERR_REDIRECT] WARNING: Couldn't flush system prefs: java.util.prefs.BackingStoreException: Couldn't get file lock.
2025-11-13 10:08:23,834 [ERROR] LogOutputStream:75 - [STDERR_REDIRECT] 
2025-11-13 10:08:53,834 [ERROR] LogOutputStream:75 - [STDERR_REDIRECT] Nov 13, 2025 10:08:53 AM java.util.prefs.FileSystemPreferences checkLockFile0ErrorCode
2025-11-13 10:08:53,834 [ERROR] LogOutputStream:75 - [STDERR_REDIRECT] WARNING: Could not lock System prefs. Unix error code 2.
2025-11-13 10:08:53,834 [ERROR] LogOutputStream:75 - [STDERR_REDIRECT] 
2025-11-13 10:08:53,834 [ERROR] LogOutputStream:75 - [STDERR_REDIRECT] Nov 13, 2025 10:08:53 AM java.util.prefs.FileSystemPreferences syncWorld
2025-11-13 10:08:53,834 [ERROR] LogOutputStream:75 - [STDERR_REDIRECT] WARNING: Couldn't flush system prefs: java.util.prefs.BackingStoreException: Couldn't get file lock.
2025-11-13 10:08:53,834 [ERROR] LogOutputStream:75 - [STDERR_REDIRECT] 
2025-11-13 10:09:23,835 [ERROR] LogOutputStream:75 - [STDERR_REDIRECT] Nov 13, 2025 10:09:23 AM java.util.prefs.FileSystemPreferences checkLockFile0ErrorCode
2025-11-13 10:09:23,835 [ERROR] LogOutputStream:75 - [STDERR_REDIRECT] WARNING: Could not lock System prefs. Unix error code 2.
2025-11-13 10:09:23,835 [ERROR] LogOutputStream:75 - [STDERR_REDIRECT] 
2025-11-13 10:09:23,835 [ERROR] LogOutputStream:75 - [STDERR_REDIRECT] Nov 13, 2025 10:09:23 AM java.util.prefs.FileSystemPreferences syncWorld
2025-11-13 10:09:23,836 [ERROR] LogOutputStream:75 - [STDERR_REDIRECT] WARNING: Couldn't flush system prefs: java.util.prefs.BackingStoreException: Couldn't get file lock.
2025-11-13 10:09:23,836 [ERROR] LogOutputStream:75 - [STDERR_REDIRECT] 
2025-11-13 10:09:53,834 [ERROR] LogOutputStream:75 - [STDERR_REDIRECT] Nov 13, 2025 10:09:53 AM java.util.prefs.FileSystemPreferences checkLockFile0ErrorCode
2025-11-13 10:09:53,835 [ERROR] LogOutputStream:75 - [STDERR_REDIRECT] WARNING: Could not lock System prefs. Unix error code 2.
2025-11-13 10:09:53,835 [ERROR] LogOutputStream:75 - [STDERR_REDIRECT] 
2025-11-13 10:09:53,835 [ERROR] LogOutputStream:75 - [STDERR_REDIRECT] Nov 13, 2025 10:09:53 AM java.util.prefs.FileSystemPreferences syncWorld
2025-11-13 10:09:53,835 [ERROR] LogOutputStream:75 - [STDERR_REDIRECT] WARNING: Couldn't flush system prefs: java.util.prefs.BackingStoreException: Couldn't get file lock.
2025-11-13 10:09:53,835 [ERROR] LogOutputStream:75 - [STDERR_REDIRECT] 
2025-11-13 10:10:23,835 [ERROR] LogOutputStream:75 - [STDERR_REDIRECT] Nov 13, 2025 10:10:23 AM java.util.prefs.FileSystemPreferences checkLockFile0ErrorCode
2025-11-13 10:10:23,836 [ERROR] LogOutputStream:75 - [STDERR_REDIRECT] WARNING: Could not lock System prefs. Unix error code 2.
2025-11-13 10:10:23,836 [ERROR] LogOutputStream:75 - [STDERR_REDIRECT] 
2025-11-13 10:10:23,837 [ERROR] LogOutputStream:75 - [STDERR_REDIRECT] Nov 13, 2025 10:10:23 AM java.util.prefs.FileSystemPreferences syncWorld
2025-11-13 10:10:23,837 [ERROR] LogOutputStream:75 - [STDERR_REDIRECT] WARNING: Couldn't flush system prefs: java.util.prefs.BackingStoreException: Couldn't get file lock.
2025-11-13 10:10:23,837 [ERROR] LogOutputStream:75 - [STDERR_REDIRECT] 
2025-11-13 10:10:53,836 [ERROR] LogOutputStream:75 - [STDERR_REDIRECT] Nov 13, 2025 10:10:53 AM java.util.prefs.FileSystemPreferences checkLockFile0ErrorCode
2025-11-13 10:10:53,837 [ERROR] LogOutputStream:75 - [STDERR_REDIRECT] WARNING: Could not lock System prefs. Unix error code 2.
2025-11-13 10:10:53,837 [ERROR] LogOutputStream:75 - [STDERR_REDIRECT] 
2025-11-13 10:10:53,837 [ERROR] LogOutputStream:75 - [STDERR_REDIRECT] Nov 13, 2025 10:10:53 AM java.util.prefs.FileSystemPreferences syncWorld
2025-11-13 10:10:53,838 [ERROR] LogOutputStream:75 - [STDERR_REDIRECT] WARNING: Couldn't flush system prefs: java.util.prefs.BackingStoreException: Couldn't get file lock.
2025-11-13 10:10:53,838 [ERROR] LogOutputStream:75 - [STDERR_REDIRECT] 
2025-11-13 10:11:23,835 [ERROR] LogOutputStream:75 - [STDERR_REDIRECT] Nov 13, 2025 10:11:23 AM java.util.prefs.FileSystemPreferences checkLockFile0ErrorCode
2025-11-13 10:11:23,835 [ERROR] LogOutputStream:75 - [STDERR_REDIRECT] WARNING: Could not lock System prefs. Unix error code 2.
2025-11-13 10:11:23,835 [ERROR] LogOutputStream:75 - [STDERR_REDIRECT] 
2025-11-13 10:11:23,836 [ERROR] LogOutputStream:75 - [STDERR_REDIRECT] Nov 13, 2025 10:11:23 AM java.util.prefs.FileSystemPreferences syncWorld
2025-11-13 10:11:23,836 [ERROR] LogOutputStream:75 - [STDERR_REDIRECT] WARNING: Couldn't flush system prefs: java.util.prefs.BackingStoreException: Couldn't get file lock.
2025-11-13 10:11:23,836 [ERROR] LogOutputStream:75 - [STDERR_REDIRECT] 
2025-11-13 10:11:53,835 [ERROR] LogOutputStream:75 - [STDERR_REDIRECT] Nov 13, 2025 10:11:53 AM java.util.prefs.FileSystemPreferences checkLockFile0ErrorCode
2025-11-13 10:11:53,835 [ERROR] LogOutputStream:75 - [STDERR_REDIRECT] WARNING: Could not lock System prefs. Unix error code 2.
2025-11-13 10:11:53,835 [ERROR] LogOutputStream:75 - [STDERR_REDIRECT] 
2025-11-13 10:11:53,836 [ERROR] LogOutputStream:75 - [STDERR_REDIRECT] Nov 13, 2025 10:11:53 AM java.util.prefs.FileSystemPreferences syncWorld
2025-11-13 10:11:53,836 [ERROR] LogOutputStream:75 - [STDERR_REDIRECT] WARNING: Couldn't flush system prefs: java.util.prefs.BackingStoreException: Couldn't get file lock.
2025-11-13 10:11:53,836 [ERROR] LogOutputStream:75 - [STDERR_REDIRECT] 
2025-11-13 10:12:23,836 [ERROR] LogOutputStream:75 - [STDERR_REDIRECT] Nov 13, 2025 10:12:23 AM java.util.prefs.FileSystemPreferences checkLockFile0ErrorCode
2025-11-13 10:12:23,836 [ERROR] LogOutputStream:75 - [STDERR_REDIRECT] WARNING: Could not lock System prefs. Unix error code 2.
2025-11-13 10:12:23,836 [ERROR] LogOutputStream:75 - [STDERR_REDIRECT] 
2025-11-13 10:12:23,837 [ERROR] LogOutputStream:75 - [STDERR_REDIRECT] Nov 13, 2025 10:12:23 AM java.util.prefs.FileSystemPreferences syncWorld
2025-11-13 10:12:23,837 [ERROR] LogOutputStream:75 - [STDERR_REDIRECT] WARNING: Couldn't flush system prefs: java.util.prefs.BackingStoreException: Couldn't get file lock.
2025-11-13 10:12:23,837 [ERROR] LogOutputStream:75 - [STDERR_REDIRECT] 
2025-11-13 10:12:53,836 [ERROR] LogOutputStream:75 - [STDERR_REDIRECT] Nov 13, 2025 10:12:53 AM java.util.prefs.FileSystemPreferences checkLockFile0ErrorCode
2025-11-13 10:12:53,836 [ERROR] LogOutputStream:75 - [STDERR_REDIRECT] WARNING: Could not lock System prefs. Unix error code 2.
2025-11-13 10:12:53,837 [ERROR] LogOutputStream:75 - [STDERR_REDIRECT] 
2025-11-13 10:12:53,838 [ERROR] LogOutputStream:75 - [STDERR_REDIRECT] Nov 13, 2025 10:12:53 AM java.util.prefs.FileSystemPreferences syncWorld
2025-11-13 10:12:53,838 [ERROR] LogOutputStream:75 - [STDERR_REDIRECT] WARNING: Couldn't flush system prefs: java.util.prefs.BackingStoreException: Couldn't get file lock.
2025-11-13 10:12:53,838 [ERROR] LogOutputStream:75 - [STDERR_REDIRECT] 
2025-11-13 10:13:23,836 [ERROR] LogOutputStream:75 - [STDERR_REDIRECT] Nov 13, 2025 10:13:23 AM java.util.prefs.FileSystemPreferences checkLockFile0ErrorCode
2025-11-13 10:13:23,837 [ERROR] LogOutputStream:75 - [STDERR_REDIRECT] WARNING: Could not lock System prefs. Unix error code 2.
2025-11-13 10:13:23,837 [ERROR] LogOutputStream:75 - [STDERR_REDIRECT] 
2025-11-13 10:13:23,837 [ERROR] LogOutputStream:75 - [STDERR_REDIRECT] Nov 13, 2025 10:13:23 AM java.util.prefs.FileSystemPreferences syncWorld
2025-11-13 10:13:23,837 [ERROR] LogOutputStream:75 - [STDERR_REDIRECT] WARNING: Couldn't flush system prefs: java.util.prefs.BackingStoreException: Couldn't get file lock.
2025-11-13 10:13:23,837 [ERROR] LogOutputStream:75 - [STDERR_REDIRECT] 
2025-11-13 10:13:53,836 [ERROR] LogOutputStream:75 - [STDERR_REDIRECT] Nov 13, 2025 10:13:53 AM java.util.prefs.FileSystemPreferences checkLockFile0ErrorCode
2025-11-13 10:13:53,836 [ERROR] LogOutputStream:75 - [STDERR_REDIRECT] WARNING: Could not lock System prefs. Unix error code 2.
2025-11-13 10:13:53,836 [ERROR] LogOutputStream:75 - [STDERR_REDIRECT] 
2025-11-13 10:13:53,836 [ERROR] LogOutputStream:75 - [STDERR_REDIRECT] Nov 13, 2025 10:13:53 AM java.util.prefs.FileSystemPreferences syncWorld
2025-11-13 10:13:53,837 [ERROR] LogOutputStream:75 - [STDERR_REDIRECT] WARNING: Couldn't flush system prefs: java.util.prefs.BackingStoreException: Couldn't get file lock.
2025-11-13 10:13:53,837 [ERROR] LogOutputStream:75 - [STDERR_REDIRECT] 
2025-11-13 10:14:23,836 [ERROR] LogOutputStream:75 - [STDERR_REDIRECT] Nov 13, 2025 10:14:23 AM java.util.prefs.FileSystemPreferences checkLockFile0ErrorCode
2025-11-13 10:14:23,836 [ERROR] LogOutputStream:75 - [STDERR_REDIRECT] WARNING: Could not lock System prefs. Unix error code 2.
2025-11-13 10:14:23,836 [ERROR] LogOutputStream:75 - [STDERR_REDIRECT] 
2025-11-13 10:14:23,836 [ERROR] LogOutputStream:75 - [STDERR_REDIRECT] Nov 13, 2025 10:14:23 AM java.util.prefs.FileSystemPreferences syncWorld
2025-11-13 10:14:23,837 [ERROR] LogOutputStream:75 - [STDERR_REDIRECT] WARNING: Couldn't flush system prefs: java.util.prefs.BackingStoreException: Couldn't get file lock.
2025-11-13 10:14:23,837 [ERROR] LogOutputStream:75 - [STDERR_REDIRECT] 
2025-11-13 10:14:53,835 [ERROR] LogOutputStream:75 - [STDERR_REDIRECT] Nov 13, 2025 10:14:53 AM java.util.prefs.FileSystemPreferences checkLockFile0ErrorCode
2025-11-13 10:14:53,837 [ERROR] LogOutputStream:75 - [STDERR_REDIRECT] WARNING: Could not lock System prefs. Unix error code 2.
2025-11-13 10:14:53,838 [ERROR] LogOutputStream:75 - [STDERR_REDIRECT] 
2025-11-13 10:14:53,838 [ERROR] LogOutputStream:75 - [STDERR_REDIRECT] Nov 13, 2025 10:14:53 AM java.util.prefs.FileSystemPreferences syncWorld
2025-11-13 10:14:53,838 [ERROR] LogOutputStream:75 - [STDERR_REDIRECT] WARNING: Couldn't flush system prefs: java.util.prefs.BackingStoreException: Couldn't get file lock.
2025-11-13 10:14:53,838 [ERROR] LogOutputStream:75 - [STDERR_REDIRECT] 
2025-11-13 10:15:23,836 [ERROR] LogOutputStream:75 - [STDERR_REDIRECT] Nov 13, 2025 10:15:23 AM java.util.prefs.FileSystemPreferences checkLockFile0ErrorCode
2025-11-13 10:15:23,836 [ERROR] LogOutputStream:75 - [STDERR_REDIRECT] WARNING: Could not lock System prefs. Unix error code 2.
2025-11-13 10:15:23,836 [ERROR] LogOutputStream:75 - [STDERR_REDIRECT] 
2025-11-13 10:15:23,837 [ERROR] LogOutputStream:75 - [STDERR_REDIRECT] Nov 13, 2025 10:15:23 AM java.util.prefs.FileSystemPreferences syncWorld
2025-11-13 10:15:23,837 [ERROR] LogOutputStream:75 - [STDERR_REDIRECT] WARNING: Couldn't flush system prefs: java.util.prefs.BackingStoreException: Couldn't get file lock.
2025-11-13 10:15:23,837 [ERROR] LogOutputStream:75 - [STDERR_REDIRECT] 
2025-11-13 10:15:53,836 [ERROR] LogOutputStream:75 - [STDERR_REDIRECT] Nov 13, 2025 10:15:53 AM java.util.prefs.FileSystemPreferences checkLockFile0ErrorCode
2025-11-13 10:15:53,836 [ERROR] LogOutputStream:75 - [STDERR_REDIRECT] WARNING: Could not lock System prefs. Unix error code 2.
2025-11-13 10:15:53,836 [ERROR] LogOutputStream:75 - [STDERR_REDIRECT] 
2025-11-13 10:15:53,837 [ERROR] LogOutputStream:75 - [STDERR_REDIRECT] Nov 13, 2025 10:15:53 AM java.util.prefs.FileSystemPreferences syncWorld
2025-11-13 10:15:53,837 [ERROR] LogOutputStream:75 - [STDERR_REDIRECT] WARNING: Couldn't flush system prefs: java.util.prefs.BackingStoreException: Couldn't get file lock.
2025-11-13 10:15:53,837 [ERROR] LogOutputStream:75 - [STDERR_REDIRECT] 
2025-11-13 10:16:23,836 [ERROR] LogOutputStream:75 - [STDERR_REDIRECT] Nov 13, 2025 10:16:23 AM java.util.prefs.FileSystemPreferences checkLockFile0ErrorCode
2025-11-13 10:16:23,836 [ERROR] LogOutputStream:75 - [STDERR_REDIRECT] WARNING: Could not lock System prefs. Unix error code 2.
2025-11-13 10:16:23,836 [ERROR] LogOutputStream:75 - [STDERR_REDIRECT] 
2025-11-13 10:16:23,837 [ERROR] LogOutputStream:75 - [STDERR_REDIRECT] Nov 13, 2025 10:16:23 AM java.util.prefs.FileSystemPreferences syncWorld
2025-11-13 10:16:23,837 [ERROR] LogOutputStream:75 - [STDERR_REDIRECT] WARNING: Couldn't flush system prefs: java.util.prefs.BackingStoreException: Couldn't get file lock.
2025-11-13 10:16:23,837 [ERROR] LogOutputStream:75 - [STDERR_REDIRECT] 
2025-11-13 10:16:53,836 [ERROR] LogOutputStream:75 - [STDERR_REDIRECT] Nov 13, 2025 10:16:53 AM java.util.prefs.FileSystemPreferences checkLockFile0ErrorCode
2025-11-13 10:16:53,836 [ERROR] LogOutputStream:75 - [STDERR_REDIRECT] WARNING: Could not lock System prefs. Unix error code 2.
2025-11-13 10:16:53,836 [ERROR] LogOutputStream:75 - [STDERR_REDIRECT] 
2025-11-13 10:16:53,836 [ERROR] LogOutputStream:75 - [STDERR_REDIRECT] Nov 13, 2025 10:16:53 AM java.util.prefs.FileSystemPreferences syncWorld
2025-11-13 10:16:53,836 [ERROR] LogOutputStream:75 - [STDERR_REDIRECT] WARNING: Couldn't flush system prefs: java.util.prefs.BackingStoreException: Couldn't get file lock.
2025-11-13 10:16:53,836 [ERROR] LogOutputStream:75 - [STDERR_REDIRECT] 
2025-11-13 10:17:23,837 [ERROR] LogOutputStream:75 - [STDERR_REDIRECT] Nov 13, 2025 10:17:23 AM java.util.prefs.FileSystemPreferences checkLockFile0ErrorCode
2025-11-13 10:17:23,837 [ERROR] LogOutputStream:75 - [STDERR_REDIRECT] WARNING: Could not lock System prefs. Unix error code 2.
2025-11-13 10:17:23,837 [ERROR] LogOutputStream:75 - [STDERR_REDIRECT] 
2025-11-13 10:17:23,837 [ERROR] LogOutputStream:75 - [STDERR_REDIRECT] Nov 13, 2025 10:17:23 AM java.util.prefs.FileSystemPreferences syncWorld
2025-11-13 10:17:23,838 [ERROR] LogOutputStream:75 - [STDERR_REDIRECT] WARNING: Couldn't flush system prefs: java.util.prefs.BackingStoreException: Couldn't get file lock.
2025-11-13 10:17:23,838 [ERROR] LogOutputStream:75 - [STDERR_REDIRECT] 
2025-11-13 10:17:53,837 [ERROR] LogOutputStream:75 - [STDERR_REDIRECT] Nov 13, 2025 10:17:53 AM java.util.prefs.FileSystemPreferences checkLockFile0ErrorCode
2025-11-13 10:17:53,837 [ERROR] LogOutputStream:75 - [STDERR_REDIRECT] WARNING: Could not lock System prefs. Unix error code 2.
2025-11-13 10:17:53,837 [ERROR] LogOutputStream:75 - [STDERR_REDIRECT] 
2025-11-13 10:17:53,838 [ERROR] LogOutputStream:75 - [STDERR_REDIRECT] Nov 13, 2025 10:17:53 AM java.util.prefs.FileSystemPreferences syncWorld
2025-11-13 10:17:53,838 [ERROR] LogOutputStream:75 - [STDERR_REDIRECT] WARNING: Couldn't flush system prefs: java.util.prefs.BackingStoreException: Couldn't get file lock.
2025-11-13 10:17:53,838 [ERROR] LogOutputStream:75 - [STDERR_REDIRECT] 
2025-11-13 10:18:23,838 [ERROR] LogOutputStream:75 - [STDERR_REDIRECT] Nov 13, 2025 10:18:23 AM java.util.prefs.FileSystemPreferences checkLockFile0ErrorCode
2025-11-13 10:18:23,838 [ERROR] LogOutputStream:75 - [STDERR_REDIRECT] WARNING: Could not lock System prefs. Unix error code 2.
2025-11-13 10:18:23,838 [ERROR] LogOutputStream:75 - [STDERR_REDIRECT] 
2025-11-13 10:18:23,839 [ERROR] LogOutputStream:75 - [STDERR_REDIRECT] Nov 13, 2025 10:18:23 AM java.util.prefs.FileSystemPreferences syncWorld
2025-11-13 10:18:23,839 [ERROR] LogOutputStream:75 - [STDERR_REDIRECT] WARNING: Couldn't flush system prefs: java.util.prefs.BackingStoreException: Couldn't get file lock.
2025-11-13 10:18:23,839 [ERROR] LogOutputStream:75 - [STDERR_REDIRECT] 
2025-11-13 10:18:53,837 [ERROR] LogOutputStream:75 - [STDERR_REDIRECT] Nov 13, 2025 10:18:53 AM java.util.prefs.FileSystemPreferences checkLockFile0ErrorCode
2025-11-13 10:18:53,838 [ERROR] LogOutputStream:75 - [STDERR_REDIRECT] WARNING: Could not lock System prefs. Unix error code 2.
2025-11-13 10:18:53,838 [ERROR] LogOutputStream:75 - [STDERR_REDIRECT] 
2025-11-13 10:18:53,838 [ERROR] LogOutputStream:75 - [STDERR_REDIRECT] Nov 13, 2025 10:18:53 AM java.util.prefs.FileSystemPreferences syncWorld
2025-11-13 10:18:53,838 [ERROR] LogOutputStream:75 - [STDERR_REDIRECT] WARNING: Couldn't flush system prefs: java.util.prefs.BackingStoreException: Couldn't get file lock.
2025-11-13 10:18:53,838 [ERROR] LogOutputStream:75 - [STDERR_REDIRECT] 
2025-11-13 13:36:43,568 [ERROR] LogOutputStream:75 - [STDERR_REDIRECT] Nov 13, 2025 1:36:43 PM java.util.prefs.FileSystemPreferences checkLockFile0ErrorCode
2025-11-13 13:36:43,569 [ERROR] LogOutputStream:75 - [STDERR_REDIRECT] WARNING: Could not lock System prefs. Unix error code 2.
2025-11-13 13:36:43,569 [ERROR] LogOutputStream:75 - [STDERR_REDIRECT] 
2025-11-13 13:36:43,569 [ERROR] LogOutputStream:75 - [STDERR_REDIRECT] Nov 13, 2025 1:36:43 PM java.util.prefs.FileSystemPreferences syncWorld
2025-11-13 13:36:43,569 [ERROR] LogOutputStream:75 - [STDERR_REDIRECT] WARNING: Couldn't flush system prefs: java.util.prefs.BackingStoreException: Couldn't get file lock.
2025-11-13 13:36:43,569 [ERROR] LogOutputStream:75 - [STDERR_REDIRECT] 
2025-11-13 13:37:13,559 [ERROR] LogOutputStream:75 - [STDERR_REDIRECT] Nov 13, 2025 1:37:13 PM java.util.prefs.FileSystemPreferences checkLockFile0ErrorCode
2025-11-13 13:37:13,560 [ERROR] LogOutputStream:75 - [STDERR_REDIRECT] WARNING: Could not lock System prefs. Unix error code 2.
2025-11-13 13:37:13,560 [ERROR] LogOutputStream:75 - [STDERR_REDIRECT] 
2025-11-13 13:37:13,560 [ERROR] LogOutputStream:75 - [STDERR_REDIRECT] Nov 13, 2025 1:37:13 PM java.util.prefs.FileSystemPreferences syncWorld
2025-11-13 13:37:13,560 [ERROR] LogOutputStream:75 - [STDERR_REDIRECT] WARNING: Couldn't flush system prefs: java.util.prefs.BackingStoreException: Couldn't get file lock.
2025-11-13 13:37:13,560 [ERROR] LogOutputStream:75 - [STDERR_REDIRECT] 
2025-11-13 13:37:43,560 [ERROR] LogOutputStream:75 - [STDERR_REDIRECT] Nov 13, 2025 1:37:43 PM java.util.prefs.FileSystemPreferences checkLockFile0ErrorCode
2025-11-13 13:37:43,560 [ERROR] LogOutputStream:75 - [STDERR_REDIRECT] WARNING: Could not lock System prefs. Unix error code 2.
2025-11-13 13:37:43,561 [ERROR] LogOutputStream:75 - [STDERR_REDIRECT] 
2025-11-13 13:37:43,561 [ERROR] LogOutputStream:75 - [STDERR_REDIRECT] Nov 13, 2025 1:37:43 PM java.util.prefs.FileSystemPreferences syncWorld
2025-11-13 13:37:43,561 [ERROR] LogOutputStream:75 - [STDERR_REDIRECT] WARNING: Couldn't flush system prefs: java.util.prefs.BackingStoreException: Couldn't get file lock.
2025-11-13 13:37:43,561 [ERROR] LogOutputStream:75 - [STDERR_REDIRECT] 
2025-11-13 13:38:13,560 [ERROR] LogOutputStream:75 - [STDERR_REDIRECT] Nov 13, 2025 1:38:13 PM java.util.prefs.FileSystemPreferences checkLockFile0ErrorCode
2025-11-13 13:38:13,560 [ERROR] LogOutputStream:75 - [STDERR_REDIRECT] WARNING: Could not lock System prefs. Unix error code 2.
2025-11-13 13:38:13,560 [ERROR] LogOutputStream:75 - [STDERR_REDIRECT] 
2025-11-13 13:38:13,560 [ERROR] LogOutputStream:75 - [STDERR_REDIRECT] Nov 13, 2025 1:38:13 PM java.util.prefs.FileSystemPreferences syncWorld
2025-11-13 13:38:13,561 [ERROR] LogOutputStream:75 - [STDERR_REDIRECT] WARNING: Couldn't flush system prefs: java.util.prefs.BackingStoreException: Couldn't get file lock.
2025-11-13 13:38:13,561 [ERROR] LogOutputStream:75 - [STDERR_REDIRECT] 
2025-11-13 13:38:43,561 [ERROR] LogOutputStream:75 - [STDERR_REDIRECT] Nov 13, 2025 1:38:43 PM java.util.prefs.FileSystemPreferences checkLockFile0ErrorCode
2025-11-13 13:38:43,561 [ERROR] LogOutputStream:75 - [STDERR_REDIRECT] WARNING: Could not lock System prefs. Unix error code 2.
2025-11-13 13:38:43,561 [ERROR] LogOutputStream:75 - [STDERR_REDIRECT] 
2025-11-13 13:38:43,562 [ERROR] LogOutputStream:75 - [STDERR_REDIRECT] Nov 13, 2025 1:38:43 PM java.util.prefs.FileSystemPreferences syncWorld
2025-11-13 13:38:43,562 [ERROR] LogOutputStream:75 - [STDERR_REDIRECT] WARNING: Couldn't flush system prefs: java.util.prefs.BackingStoreException: Couldn't get file lock.
2025-11-13 13:38:43,562 [ERROR] LogOutputStream:75 - [STDERR_REDIRECT] 
2025-11-13 13:39:13,560 [ERROR] LogOutputStream:75 - [STDERR_REDIRECT] Nov 13, 2025 1:39:13 PM java.util.prefs.FileSystemPreferences checkLockFile0ErrorCode
2025-11-13 13:39:13,563 [ERROR] LogOutputStream:75 - [STDERR_REDIRECT] WARNING: Could not lock System prefs. Unix error code 2.
2025-11-13 13:39:13,563 [ERROR] LogOutputStream:75 - [STDERR_REDIRECT] 
2025-11-13 13:39:13,563 [ERROR] LogOutputStream:75 - [STDERR_REDIRECT] Nov 13, 2025 1:39:13 PM java.util.prefs.FileSystemPreferences syncWorld
2025-11-13 13:39:13,564 [ERROR] LogOutputStream:75 - [STDERR_REDIRECT] WARNING: Couldn't flush system prefs: java.util.prefs.BackingStoreException: Couldn't get file lock.
2025-11-13 13:39:13,564 [ERROR] LogOutputStream:75 - [STDERR_REDIRECT] 
2025-11-13 13:39:43,560 [ERROR] LogOutputStream:75 - [STDERR_REDIRECT] Nov 13, 2025 1:39:43 PM java.util.prefs.FileSystemPreferences checkLockFile0ErrorCode
2025-11-13 13:39:43,561 [ERROR] LogOutputStream:75 - [STDERR_REDIRECT] WARNING: Could not lock System prefs. Unix error code 2.
2025-11-13 13:39:43,561 [ERROR] LogOutputStream:75 - [STDERR_REDIRECT] 
2025-11-13 13:39:43,561 [ERROR] LogOutputStream:75 - [STDERR_REDIRECT] Nov 13, 2025 1:39:43 PM java.util.prefs.FileSystemPreferences syncWorld
2025-11-13 13:39:43,561 [ERROR] LogOutputStream:75 - [STDERR_REDIRECT] WARNING: Couldn't flush system prefs: java.util.prefs.BackingStoreException: Couldn't get file lock.
2025-11-13 13:39:43,561 [ERROR] LogOutputStream:75 - [STDERR_REDIRECT] 
2025-11-13 13:40:13,561 [ERROR] LogOutputStream:75 - [STDERR_REDIRECT] Nov 13, 2025 1:40:13 PM java.util.prefs.FileSystemPreferences checkLockFile0ErrorCode
2025-11-13 13:40:13,561 [ERROR] LogOutputStream:75 - [STDERR_REDIRECT] WARNING: Could not lock System prefs. Unix error code 2.
2025-11-13 13:40:13,561 [ERROR] LogOutputStream:75 - [STDERR_REDIRECT] 
2025-11-13 13:40:13,561 [ERROR] LogOutputStream:75 - [STDERR_REDIRECT] Nov 13, 2025 1:40:13 PM java.util.prefs.FileSystemPreferences syncWorld
2025-11-13 13:40:13,561 [ERROR] LogOutputStream:75 - [STDERR_REDIRECT] WARNING: Couldn't flush system prefs: java.util.prefs.BackingStoreException: Couldn't get file lock.
2025-11-13 13:40:13,562 [ERROR] LogOutputStream:75 - [STDERR_REDIRECT] 
2025-11-13 13:40:43,560 [ERROR] LogOutputStream:75 - [STDERR_REDIRECT] Nov 13, 2025 1:40:43 PM java.util.prefs.FileSystemPreferences checkLockFile0ErrorCode
2025-11-13 13:40:43,561 [ERROR] LogOutputStream:75 - [STDERR_REDIRECT] WARNING: Could not lock System prefs. Unix error code 2.
2025-11-13 13:40:43,561 [ERROR] LogOutputStream:75 - [STDERR_REDIRECT] 
2025-11-13 13:40:43,562 [ERROR] LogOutputStream:75 - [STDERR_REDIRECT] Nov 13, 2025 1:40:43 PM java.util.prefs.FileSystemPreferences syncWorld
2025-11-13 13:40:43,562 [ERROR] LogOutputStream:75 - [STDERR_REDIRECT] WARNING: Couldn't flush system prefs: java.util.prefs.BackingStoreException: Couldn't get file lock.
2025-11-13 13:40:43,562 [ERROR] LogOutputStream:75 - [STDERR_REDIRECT] 
2025-11-13 13:41:13,560 [ERROR] LogOutputStream:75 - [STDERR_REDIRECT] Nov 13, 2025 1:41:13 PM java.util.prefs.FileSystemPreferences checkLockFile0ErrorCode
2025-11-13 13:41:13,560 [ERROR] LogOutputStream:75 - [STDERR_REDIRECT] WARNING: Could not lock System prefs. Unix error code 2.
2025-11-13 13:41:13,561 [ERROR] LogOutputStream:75 - [STDERR_REDIRECT] 
2025-11-13 13:41:13,561 [ERROR] LogOutputStream:75 - [STDERR_REDIRECT] Nov 13, 2025 1:41:13 PM java.util.prefs.FileSystemPreferences syncWorld
2025-11-13 13:41:13,561 [ERROR] LogOutputStream:75 - [STDERR_REDIRECT] WARNING: Couldn't flush system prefs: java.util.prefs.BackingStoreException: Couldn't get file lock.
2025-11-13 13:41:13,561 [ERROR] LogOutputStream:75 - [STDERR_REDIRECT] 
2025-11-13 13:41:43,561 [ERROR] LogOutputStream:75 - [STDERR_REDIRECT] Nov 13, 2025 1:41:43 PM java.util.prefs.FileSystemPreferences checkLockFile0ErrorCode
2025-11-13 13:41:43,561 [ERROR] LogOutputStream:75 - [STDERR_REDIRECT] WARNING: Could not lock System prefs. Unix error code 2.
2025-11-13 13:41:43,562 [ERROR] LogOutputStream:75 - [STDERR_REDIRECT] 
2025-11-13 13:41:43,562 [ERROR] LogOutputStream:75 - [STDERR_REDIRECT] Nov 13, 2025 1:41:43 PM java.util.prefs.FileSystemPreferences syncWorld
2025-11-13 13:41:43,562 [ERROR] LogOutputStream:75 - [STDERR_REDIRECT] WARNING: Couldn't flush system prefs: java.util.prefs.BackingStoreException: Couldn't get file lock.
2025-11-13 13:41:43,562 [ERROR] LogOutputStream:75 - [STDERR_REDIRECT] 
2025-11-13 13:42:13,561 [ERROR] LogOutputStream:75 - [STDERR_REDIRECT] Nov 13, 2025 1:42:13 PM java.util.prefs.FileSystemPreferences checkLockFile0ErrorCode
2025-11-13 13:42:13,561 [ERROR] LogOutputStream:75 - [STDERR_REDIRECT] WARNING: Could not lock System prefs. Unix error code 2.
2025-11-13 13:42:13,561 [ERROR] LogOutputStream:75 - [STDERR_REDIRECT] 
2025-11-13 13:42:13,562 [ERROR] LogOutputStream:75 - [STDERR_REDIRECT] Nov 13, 2025 1:42:13 PM java.util.prefs.FileSystemPreferences syncWorld
2025-11-13 13:42:13,562 [ERROR] LogOutputStream:75 - [STDERR_REDIRECT] WARNING: Couldn't flush system prefs: java.util.prefs.BackingStoreException: Couldn't get file lock.
2025-11-13 13:42:13,562 [ERROR] LogOutputStream:75 - [STDERR_REDIRECT] 
2025-11-13 13:42:43,562 [ERROR] LogOutputStream:75 - [STDERR_REDIRECT] Nov 13, 2025 1:42:43 PM java.util.prefs.FileSystemPreferences checkLockFile0ErrorCode
2025-11-13 13:42:43,563 [ERROR] LogOutputStream:75 - [STDERR_REDIRECT] WARNING: Could not lock System prefs. Unix error code 2.
2025-11-13 13:42:43,563 [ERROR] LogOutputStream:75 - [STDERR_REDIRECT] 
2025-11-13 13:42:43,563 [ERROR] LogOutputStream:75 - [STDERR_REDIRECT] Nov 13, 2025 1:42:43 PM java.util.prefs.FileSystemPreferences syncWorld
2025-11-13 13:42:43,563 [ERROR] LogOutputStream:75 - [STDERR_REDIRECT] WARNING: Couldn't flush system prefs: java.util.prefs.BackingStoreException: Couldn't get file lock.
2025-11-13 13:42:43,563 [ERROR] LogOutputStream:75 - [STDERR_REDIRECT] 
2025-11-13 13:43:13,561 [ERROR] LogOutputStream:75 - [STDERR_REDIRECT] Nov 13, 2025 1:43:13 PM java.util.prefs.FileSystemPreferences checkLockFile0ErrorCode
2025-11-13 13:43:13,562 [ERROR] LogOutputStream:75 - [STDERR_REDIRECT] WARNING: Could not lock System prefs. Unix error code 2.
2025-11-13 13:43:13,562 [ERROR] LogOutputStream:75 - [STDERR_REDIRECT] 
2025-11-13 13:43:13,562 [ERROR] LogOutputStream:75 - [STDERR_REDIRECT] Nov 13, 2025 1:43:13 PM java.util.prefs.FileSystemPreferences syncWorld
2025-11-13 13:43:13,562 [ERROR] LogOutputStream:75 - [STDERR_REDIRECT] WARNING: Couldn't flush system prefs: java.util.prefs.BackingStoreException: Couldn't get file lock.
2025-11-13 13:43:13,562 [ERROR] LogOutputStream:75 - [STDERR_REDIRECT] 
2025-11-13 13:43:43,562 [ERROR] LogOutputStream:75 - [STDERR_REDIRECT] Nov 13, 2025 1:43:43 PM java.util.prefs.FileSystemPreferences checkLockFile0ErrorCode
2025-11-13 13:43:43,562 [ERROR] LogOutputStream:75 - [STDERR_REDIRECT] WARNING: Could not lock System prefs. Unix error code 2.
2025-11-13 13:43:43,562 [ERROR] LogOutputStream:75 - [STDERR_REDIRECT] 
2025-11-13 13:43:43,562 [ERROR] LogOutputStream:75 - [STDERR_REDIRECT] Nov 13, 2025 1:43:43 PM java.util.prefs.FileSystemPreferences syncWorld
2025-11-13 13:43:43,562 [ERROR] LogOutputStream:75 - [STDERR_REDIRECT] WARNING: Couldn't flush system prefs: java.util.prefs.BackingStoreException: Couldn't get file lock.
2025-11-13 13:43:43,562 [ERROR] LogOutputStream:75 - [STDERR_REDIRECT] 
2025-11-13 13:44:13,561 [ERROR] LogOutputStream:75 - [STDERR_REDIRECT] Nov 13, 2025 1:44:13 PM java.util.prefs.FileSystemPreferences checkLockFile0ErrorCode
2025-11-13 13:44:13,561 [ERROR] LogOutputStream:75 - [STDERR_REDIRECT] WARNING: Could not lock System prefs. Unix error code 2.
2025-11-13 13:44:13,561 [ERROR] LogOutputStream:75 - [STDERR_REDIRECT] 
2025-11-13 13:44:13,561 [ERROR] LogOutputStream:75 - [STDERR_REDIRECT] Nov 13, 2025 1:44:13 PM java.util.prefs.FileSystemPreferences syncWorld
2025-11-13 13:44:13,561 [ERROR] LogOutputStream:75 - [STDERR_REDIRECT] WARNING: Couldn't flush system prefs: java.util.prefs.BackingStoreException: Couldn't get file lock.
2025-11-13 13:44:13,561 [ERROR] LogOutputStream:75 - [STDERR_REDIRECT] 
2025-11-13 13:44:43,562 [ERROR] LogOutputStream:75 - [STDERR_REDIRECT] Nov 13, 2025 1:44:43 PM java.util.prefs.FileSystemPreferences checkLockFile0ErrorCode
2025-11-13 13:44:43,584 [ERROR] LogOutputStream:75 - [STDERR_REDIRECT] WARNING: Could not lock System prefs. Unix error code 2.
2025-11-13 13:44:43,585 [ERROR] LogOutputStream:75 - [STDERR_REDIRECT] 
2025-11-13 13:44:43,585 [ERROR] LogOutputStream:75 - [STDERR_REDIRECT] Nov 13, 2025 1:44:43 PM java.util.prefs.FileSystemPreferences syncWorld
2025-11-13 13:44:43,585 [ERROR] LogOutputStream:75 - [STDERR_REDIRECT] WARNING: Couldn't flush system prefs: java.util.prefs.BackingStoreException: Couldn't get file lock.
2025-11-13 13:44:43,586 [ERROR] LogOutputStream:75 - [STDERR_REDIRECT] 
2025-11-13 13:45:13,562 [ERROR] LogOutputStream:75 - [STDERR_REDIRECT] Nov 13, 2025 1:45:13 PM java.util.prefs.FileSystemPreferences checkLockFile0ErrorCode
2025-11-13 13:45:13,563 [ERROR] LogOutputStream:75 - [STDERR_REDIRECT] WARNING: Could not lock System prefs. Unix error code 2.
2025-11-13 13:45:13,564 [ERROR] LogOutputStream:75 - [STDERR_REDIRECT] 
2025-11-13 13:45:13,564 [ERROR] LogOutputStream:75 - [STDERR_REDIRECT] Nov 13, 2025 1:45:13 PM java.util.prefs.FileSystemPreferences syncWorld
2025-11-13 13:45:13,564 [ERROR] LogOutputStream:75 - [STDERR_REDIRECT] WARNING: Couldn't flush system prefs: java.util.prefs.BackingStoreException: Couldn't get file lock.
2025-11-13 13:45:13,564 [ERROR] LogOutputStream:75 - [STDERR_REDIRECT] 
2025-11-13 13:45:43,562 [ERROR] LogOutputStream:75 - [STDERR_REDIRECT] Nov 13, 2025 1:45:43 PM java.util.prefs.FileSystemPreferences checkLockFile0ErrorCode
2025-11-13 13:45:43,562 [ERROR] LogOutputStream:75 - [STDERR_REDIRECT] WARNING: Could not lock System prefs. Unix error code 2.
2025-11-13 13:45:43,563 [ERROR] LogOutputStream:75 - [STDERR_REDIRECT] 
2025-11-13 13:45:43,563 [ERROR] LogOutputStream:75 - [STDERR_REDIRECT] Nov 13, 2025 1:45:43 PM java.util.prefs.FileSystemPreferences syncWorld
2025-11-13 13:45:43,563 [ERROR] LogOutputStream:75 - [STDERR_REDIRECT] WARNING: Couldn't flush system prefs: java.util.prefs.BackingStoreException: Couldn't get file lock.
2025-11-13 13:45:43,563 [ERROR] LogOutputStream:75 - [STDERR_REDIRECT] 
2025-11-13 13:46:13,563 [ERROR] LogOutputStream:75 - [STDERR_REDIRECT] Nov 13, 2025 1:46:13 PM java.util.prefs.FileSystemPreferences checkLockFile0ErrorCode
2025-11-13 13:46:13,565 [ERROR] LogOutputStream:75 - [STDERR_REDIRECT] WARNING: Could not lock System prefs. Unix error code 2.
2025-11-13 13:46:13,566 [ERROR] LogOutputStream:75 - [STDERR_REDIRECT] 
2025-11-13 13:46:13,566 [ERROR] LogOutputStream:75 - [STDERR_REDIRECT] Nov 13, 2025 1:46:13 PM java.util.prefs.FileSystemPreferences syncWorld
2025-11-13 13:46:13,566 [ERROR] LogOutputStream:75 - [STDERR_REDIRECT] WARNING: Couldn't flush system prefs: java.util.prefs.BackingStoreException: Couldn't get file lock.
2025-11-13 13:46:13,566 [ERROR] LogOutputStream:75 - [STDERR_REDIRECT] 
2025-11-13 13:46:43,564 [ERROR] LogOutputStream:75 - [STDERR_REDIRECT] Nov 13, 2025 1:46:43 PM java.util.prefs.FileSystemPreferences checkLockFile0ErrorCode
2025-11-13 13:46:43,566 [ERROR] LogOutputStream:75 - [STDERR_REDIRECT] WARNING: Could not lock System prefs. Unix error code 2.
2025-11-13 13:46:43,566 [ERROR] LogOutputStream:75 - [STDERR_REDIRECT] 
2025-11-13 13:46:43,566 [ERROR] LogOutputStream:75 - [STDERR_REDIRECT] Nov 13, 2025 1:46:43 PM java.util.prefs.FileSystemPreferences syncWorld
2025-11-13 13:46:43,566 [ERROR] LogOutputStream:75 - [STDERR_REDIRECT] WARNING: Couldn't flush system prefs: java.util.prefs.BackingStoreException: Couldn't get file lock.
2025-11-13 13:46:43,566 [ERROR] LogOutputStream:75 - [STDERR_REDIRECT] 
2025-11-13 13:47:13,565 [ERROR] LogOutputStream:75 - [STDERR_REDIRECT] Nov 13, 2025 1:47:13 PM java.util.prefs.FileSystemPreferences checkLockFile0ErrorCode
2025-11-13 13:47:13,567 [ERROR] LogOutputStream:75 - [STDERR_REDIRECT] WARNING: Could not lock System prefs. Unix error code 2.
2025-11-13 13:47:13,567 [ERROR] LogOutputStream:75 - [STDERR_REDIRECT] 
2025-11-13 13:47:13,567 [ERROR] LogOutputStream:75 - [STDERR_REDIRECT] Nov 13, 2025 1:47:13 PM java.util.prefs.FileSystemPreferences syncWorld
2025-11-13 13:47:13,567 [ERROR] LogOutputStream:75 - [STDERR_REDIRECT] WARNING: Couldn't flush system prefs: java.util.prefs.BackingStoreException: Couldn't get file lock.
2025-11-13 13:47:13,567 [ERROR] LogOutputStream:75 - [STDERR_REDIRECT] 
2025-11-13 13:47:43,565 [ERROR] LogOutputStream:75 - [STDERR_REDIRECT] Nov 13, 2025 1:47:43 PM java.util.prefs.FileSystemPreferences checkLockFile0ErrorCode
2025-11-13 13:47:43,565 [ERROR] LogOutputStream:75 - [STDERR_REDIRECT] WARNING: Could not lock System prefs. Unix error code 2.
2025-11-13 13:47:43,565 [ERROR] LogOutputStream:75 - [STDERR_REDIRECT] 
2025-11-13 13:47:43,566 [ERROR] LogOutputStream:75 - [STDERR_REDIRECT] Nov 13, 2025 1:47:43 PM java.util.prefs.FileSystemPreferences syncWorld
2025-11-13 13:47:43,566 [ERROR] LogOutputStream:75 - [STDERR_REDIRECT] WARNING: Couldn't flush system prefs: java.util.prefs.BackingStoreException: Couldn't get file lock.
2025-11-13 13:47:43,566 [ERROR] LogOutputStream:75 - [STDERR_REDIRECT] 
2025-11-13 13:48:13,565 [ERROR] LogOutputStream:75 - [STDERR_REDIRECT] Nov 13, 2025 1:48:13 PM java.util.prefs.FileSystemPreferences checkLockFile0ErrorCode
2025-11-13 13:48:13,565 [ERROR] LogOutputStream:75 - [STDERR_REDIRECT] WARNING: Could not lock System prefs. Unix error code 2.
2025-11-13 13:48:13,566 [ERROR] LogOutputStream:75 - [STDERR_REDIRECT] 
2025-11-13 13:48:13,566 [ERROR] LogOutputStream:75 - [STDERR_REDIRECT] Nov 13, 2025 1:48:13 PM java.util.prefs.FileSystemPreferences syncWorld
2025-11-13 13:48:13,566 [ERROR] LogOutputStream:75 - [STDERR_REDIRECT] WARNING: Couldn't flush system prefs: java.util.prefs.BackingStoreException: Couldn't get file lock.
2025-11-13 13:48:13,566 [ERROR] LogOutputStream:75 - [STDERR_REDIRECT] 
2025-11-13 13:48:36,732 [ERROR] LogOutputStream:75 - [STDERR_REDIRECT] 
2025-11-13 13:48:36,734 [ERROR] LogOutputStream:75 - [STDERR_REDIRECT] 
