../Core/Src/i2c_lcd_AIP31068.c:31:6:GROVE_LCD_send_cmd	32	static
../Core/Src/i2c_lcd_AIP31068.c:40:6:GROVE_LCD_send_data	32	static
../Core/Src/i2c_lcd_AIP31068.c:50:6:GROVE_LCD_setRegBacklight	32	static
../Core/Src/i2c_lcd_AIP31068.c:59:6:GROVE_LCD_Init	16	static
../Core/Src/i2c_lcd_AIP31068.c:82:6:GROVE_LCD_Clear	8	static
../Core/Src/i2c_lcd_AIP31068.c:88:6:GROVE_LCD_Home	8	static
../Core/Src/i2c_lcd_AIP31068.c:94:6:GROVE_LCD_SetCursor	16	static
../Core/Src/i2c_lcd_AIP31068.c:108:6:GROVE_LCD_WriteChar	16	static
../Core/Src/i2c_lcd_AIP31068.c:113:6:GROVE_LCD_WriteString	16	static
../Core/Src/i2c_lcd_AIP31068.c:118:6:GROVE_LCD_DisplayON	8	static
../Core/Src/i2c_lcd_AIP31068.c:124:6:GROVE_LCD_DisplayOFF	8	static
../Core/Src/i2c_lcd_AIP31068.c:130:6:GROVE_LCD_CursorON	8	static
../Core/Src/i2c_lcd_AIP31068.c:136:6:GROVE_LCD_CursorOFF	8	static
../Core/Src/i2c_lcd_AIP31068.c:142:6:GROVE_LCD_BlinkON	8	static
../Core/Src/i2c_lcd_AIP31068.c:148:6:GROVE_LCD_BlinkOFF	8	static
../Core/Src/i2c_lcd_AIP31068.c:156:6:GROVE_LCD_setBacklightRGB	16	static
