../Core/Src/i2c_lcd_AIP31068.c:31:6:GROVE_LCD_send_cmd	24	static
../Core/Src/i2c_lcd_AIP31068.c:40:6:GROVE_LCD_send_data	24	static
../Core/Src/i2c_lcd_AIP31068.c:50:6:GROVE_LCD_setRegBacklight	24	static
../Core/Src/i2c_lcd_AIP31068.c:82:6:GROVE_LCD_Clear	8	static
../Core/Src/i2c_lcd_AIP31068.c:88:6:GROVE_LCD_Home	8	static
../Core/Src/i2c_lcd_AIP31068.c:94:6:GROVE_LCD_SetCursor	0	static
../Core/Src/i2c_lcd_AIP31068.c:108:6:GROVE_LCD_WriteChar	0	static
../Core/Src/i2c_lcd_AIP31068.c:113:6:GROVE_LCD_WriteString	8	static
../Core/Src/i2c_lcd_AIP31068.c:118:6:GROVE_LCD_DisplayON	0	static
../Core/Src/i2c_lcd_AIP31068.c:124:6:GROVE_LCD_DisplayOFF	0	static
../Core/Src/i2c_lcd_AIP31068.c:130:6:GROVE_LCD_CursorON	0	static
../Core/Src/i2c_lcd_AIP31068.c:136:6:GROVE_LCD_CursorOFF	0	static
../Core/Src/i2c_lcd_AIP31068.c:142:6:GROVE_LCD_BlinkON	0	static
../Core/Src/i2c_lcd_AIP31068.c:148:6:GROVE_LCD_BlinkOFF	0	static
../Core/Src/i2c_lcd_AIP31068.c:156:6:GROVE_LCD_setBacklightRGB	16	static
../Core/Src/i2c_lcd_AIP31068.c:59:6:GROVE_LCD_Init	8	static
